// Vitest Snapshot v1, https://vitest.dev/guide/snapshot.html

exports[`LuKitFeature.helpEntries() registry > matches the snapshot 1`] = `
[
  {
    "commandId": "diary-ensure-today",
    "description": "Legt die heutige Datums-Überschrift an (falls sie fehlt), öffnet die Tagebuch-Notiz und setzt den Cursor darunter.",
    "displayName": "Tagebuch: Heutiges Datum hinzufügen",
  },
  {
    "commandId": "diary-add-entry",
    "description": "Notiz und Überschrift per Fuzzy-Suche wählen; fügt einen verlinkten Eintrag unter der heutigen Überschrift ein.",
    "displayName": "Tagebuch: Notiz per Suche hinzufügen",
  },
  {
    "commandId": "diary-add-text",
    "description": "Freitext eingeben und Datum wählen; wird als Bullet unter der Überschrift dieses Datums eingefügt.",
    "displayName": "Tagebuch: Texteintrag hinzufügen",
  },
  {
    "commandId": "diary-add-reminder",
    "description": "Erinnerung eingeben und Fälligkeitsdatum wählen; wird unter # Erinnerungen mit Datum abgelegt.",
    "displayName": "Tagebuch: Erinnerung hinzufügen",
  },
  {
    "commandId": "diary-add-current-note",
    "description": "Fügt die aktive Notiz (mit der Überschrift an der Cursor-Position) als verlinkten Tagebucheintrag hinzu — ohne Dialoge.",
    "displayName": "Tagebuch: Aktuelle Notiz hinzufügen",
  },
  {
    "commandId": "vorgang-add-section",
    "description": "Fragt Name und Datum ab, fügt TOC-Eintrag + h5-Abschnitt ein. Legt zusätzlich einen verlinkten Tagebucheintrag an, wenn ein Tagebuch-Pfad konfiguriert ist.",
    "displayName": "Vorgang: Abschnitt hinzufügen",
  },
  {
    "commandId": "vorgang-reference",
    "description": "Zielnotiz per Picker wählen; fügt in den aktiven Vorgang eine verlinkte Sektion (TOC-Eintrag + h5 mit [[Wikilink]]) ein — Cursor darunter für eigene Notizen. Die Zielnotiz bleibt unangetastet.",
    "displayName": "Vorgang: Vorgang referenzieren",
  },
  {
    "commandId": "vorgang-convert",
    "description": "Macht die aktive Notiz zur Zielnotiz: Typ wählen (Vorgang/Person/Bestellung/Bewerbung), ergänzt im Frontmatter das Tag, note_type: tasknote und Created at (Datei-Erstelldatum). Der Notiz-Inhalt bleibt unangetastet; idempotent.",
    "displayName": "Vorgang: Aktuelle Notiz umwandeln",
  },
  {
    "commandId": "vorgang-close",
    "description": "Setzt das Abgeschlossen-Tag (Notiz verschwindet aus Pickern und Vorschlägen), entfernt note_type (verschwindet aus TaskNotes), benennt die Datei in „… - done" um und dokumentiert den Abschluss im Tagebuch. Wiedereröffnen = Tag entfernen.",
    "displayName": "Vorgang: Abschließen",
  },
  {
    "commandId": "besprechung-add-summary",
    "description": "Besprechungs-Notiz wählen, Kernabschnitte extrahieren, an der Cursor-Position einfügen (in Vorgang/Person/Bestellung/Bewerbung-Notizen als verlinkter Abschnitt).",
    "displayName": "Besprechung: Zusammenfassung einfügen",
  },
  {
    "commandId": "besprechung-file-pending",
    "description": "Geht alle Besprechungen mit Offen-Tag durch; pro Besprechung Zielnotiz wählen — legt die Zusammenfassung ab, entfernt das Tag, stempelt filed_into/filed_at.",
    "displayName": "Besprechungen: Alle offenen ablegen",
  },
  {
    "commandId": "besprechung-file-this",
    "description": "Legt die aktive Besprechung in eine Zielnotiz ab (Vorgang/Person/Bestellung/Bewerbung). Gleiche Einfügung + Stempel wie ‚Alle offenen ablegen‘, nur für die geöffnete Notiz.",
    "displayName": "Besprechung: Aktuelle Notiz ablegen",
  },
  {
    "commandId": "migration-convert-bold",
    "description": "Erkennt den Notiztyp automatisch und konvertiert das Altformat ins aktuelle. Zeigt vorher einen Bestätigungsdialog mit Änderungsumfang.",
    "displayName": "Vorgang: Altes Format migrieren",
  },
]
`;
